nick@nick-lenovo ~/D/C/H/CEG4410Homework1> git rm Hello4110-a.java 
rm 'CEG4410Homework1/Hello4110-a.java'
nick@nick-lenovo ~/D/C/H/CEG4410Homework1> git status
On branch master
Your branch is ahead of 'github/master' by 1 commit.
  (use "git push" to publish your local commits)

  Changes to be committed:
    (use "git reset HEAD <file>..." to unstage)

        deleted:    Hello4110-a.java

nick@nick-lenovo ~/D/C/H/CEG4410Homework1> 

